{
  "version": "1.5.0",
  "plugins_used": [
    {
      "name": "ArtifactoryDetector"
    },
    {
      "name": "AWSKeyDetector"
    },
    {
      "name": "AzureStorageKeyDetector"
    },
    {
      "name": "Base64HighEntropyString",
      "limit": 4.5
    },
    {
      "name": "BasicAuthDetector"
    },
    {
      "name": "CloudantDetector"
    },
    {
      "name": "DiscordBotTokenDetector"
    },
    {
      "name": "GitHubTokenDetector"
    },
    {
      "name": "GitLabTokenDetector"
    },
    {
      "name": "HexHighEntropyString",
      "limit": 3.0
    },
    {
      "name": "IbmCloudIamDetector"
    },
    {
      "name": "IbmCosHmacDetector"
    },
    {
      "name": "IPPublicDetector"
    },
    {
      "name": "JwtTokenDetector"
    },
    {
      "name": "KeywordDetector",
      "keyword_exclude": ""
    },
    {
      "name": "MailchimpDetector"
    },
    {
      "name": "NpmDetector"
    },
    {
      "name": "OpenAIDetector"
    },
    {
      "name": "PrivateKeyDetector"
    },
    {
      "name": "PypiTokenDetector"
    },
    {
      "name": "SendGridDetector"
    },
    {
      "name": "SlackDetector"
    },
    {
      "name": "SoftlayerDetector"
    },
    {
      "name": "SquareOAuthDetector"
    },
    {
      "name": "StripeDetector"
    },
    {
      "name": "TelegramBotTokenDetector"
    },
    {
      "name": "TwilioKeyDetector"
    }
  ],
  "filters_used": [
    {
      "path": "detect_secrets.filters.allowlist.is_line_allowlisted"
    },
    {
      "path": "detect_secrets.filters.common.is_ignored_due_to_verification_policies",
      "min_level": 2
    },
    {
      "path": "detect_secrets.filters.heuristic.is_indirect_reference"
    },
    {
      "path": "detect_secrets.filters.heuristic.is_likely_id_string"
    },
    {
      "path": "detect_secrets.filters.heuristic.is_lock_file"
    },
    {
      "path": "detect_secrets.filters.heuristic.is_not_alphanumeric_string"
    },
    {
      "path": "detect_secrets.filters.heuristic.is_potential_uuid"
    },
    {
      "path": "detect_secrets.filters.heuristic.is_prefixed_with_dollar_sign"
    },
    {
      "path": "detect_secrets.filters.heuristic.is_sequential_string"
    },
    {
      "path": "detect_secrets.filters.heuristic.is_swagger_file"
    },
    {
      "path": "detect_secrets.filters.heuristic.is_templated_secret"
    }
  ],
  "results": {
    ".github/workflows/ci-cd.yml": [
      {
        "type": "Secret Keyword",
        "filename": ".github/workflows/ci-cd.yml",
        "hashed_secret": "6731834487e9dd32ec3df63994d996da1133dbb9",
        "is_verified": false,
        "line_number": 102
      },
      {
        "type": "Secret Keyword",
        "filename": ".github/workflows/ci-cd.yml",
        "hashed_secret": "7f82fddf84e028c92edd6fd6f3b92adcdabd8947",
        "is_verified": false,
        "line_number": 119
      },
      {
        "type": "Secret Keyword",
        "filename": ".github/workflows/ci-cd.yml",
        "hashed_secret": "96a8cbfb3a9c9bdb622ef1182e45ec5c923bdb34",
        "is_verified": false,
        "line_number": 395
      }
    ],
    ".vscode/launch.json": [
      {
        "type": "Secret Keyword",
        "filename": ".vscode/launch.json",
        "hashed_secret": "bcccf2b1e6e4d376859c0a75296e0ae437a1b0ee",
        "is_verified": false,
        "line_number": 16
      }
    ],
    "DEPLOYMENT_GUIDE.md": [
      {
        "type": "Secret Keyword",
        "filename": "DEPLOYMENT_GUIDE.md",
        "hashed_secret": "1c58bd92003bbaa0538e249fff6ee19a270dec5f",
        "is_verified": false,
        "line_number": 273
      },
      {
        "type": "Basic Auth Credentials",
        "filename": "DEPLOYMENT_GUIDE.md",
        "hashed_secret": "5baa61e4c9b93f3f0682250b6cf8331b7ee68fd8",
        "is_verified": false,
        "line_number": 317
      }
    ],
    "backend/alembic.ini": [
      {
        "type": "Basic Auth Credentials",
        "filename": "backend/alembic.ini",
        "hashed_secret": "9d4e1e23bd5b727046a9e3b4b7db57bd8d6ee684",
        "is_verified": false,
        "line_number": 53
      }
    ],
    "backend/alembic/versions/15a24591b6f5_initial_migration.py": [
      {
        "type": "Hex High Entropy String",
        "filename": "backend/alembic/versions/15a24591b6f5_initial_migration.py",
        "hashed_secret": "c06b2f47a92b937dbf870d800fa6d9039dc411e1",
        "is_verified": false,
        "line_number": 14
      }
    ],
    "backend/alembic/versions/cd62a1da2fe2_add_password_field_to_user.py": [
      {
        "type": "Hex High Entropy String",
        "filename": "backend/alembic/versions/cd62a1da2fe2_add_password_field_to_user.py",
        "hashed_secret": "c06b2f47a92b937dbf870d800fa6d9039dc411e1",
        "is_verified": false,
        "line_number": 15
      }
    ],
    "backend/api/routes/ai.py": [
      {
        "type": "Secret Keyword",
        "filename": "backend/api/routes/ai.py",
        "hashed_secret": "0b076cacdd3bc99c8f4c5e7b53921913984acf02",
        "is_verified": false,
        "line_number": 43
      },
      {
        "type": "Secret Keyword",
        "filename": "backend/api/routes/ai.py",
        "hashed_secret": "b95cf13004f17a6c1f4bbe3669462b06846df2f1",
        "is_verified": false,
        "line_number": 50
      }
    ],
    "backend/core/llm_providers.py": [
      {
        "type": "Secret Keyword",
        "filename": "backend/core/llm_providers.py",
        "hashed_secret": "0b076cacdd3bc99c8f4c5e7b53921913984acf02",
        "is_verified": false,
        "line_number": 89
      },
      {
        "type": "Secret Keyword",
        "filename": "backend/core/llm_providers.py",
        "hashed_secret": "b95cf13004f17a6c1f4bbe3669462b06846df2f1",
        "is_verified": false,
        "line_number": 151
      }
    ]
  },
  "generated_at": "2025-06-01T18:01:04Z"
}
